// Jest Snapshot v1, https://goo.gl/fbAQLP

exports[`<Item/> renders and matches snapshot 1`] = `
<ItemStyles__Item>
  <img
    alt="Shoes"
    src="cat.jpg"
  />
  <Title>
    <Link
      href={
        Object {
          "pathname": "/item",
          "query": Object {
            "id": "asfghk",
          },
        }
      }
    >
      <a>
        Shoes
      </a>
    </Link>
  </Title>
  <PriceTag>
    £40
  </PriceTag>
  <p>
    Some shoes
  </p>
  <div
    className="buttonList"
  >
    <Link
      href={
        Object {
          "pathname": "update",
          "query": Object {
            "id": "asfghk",
          },
        }
      }
    >
      <a>
        Edit ✏️
      </a>
    </Link>
    <AddToCart
      id="asfghk"
    />
    <DeleteItem
      id="asfghk"
    >
      Delete this Item
    </DeleteItem>
  </div>
</ItemStyles__Item>
`;
